Loaded 150 seeds
[1/150] 01HPB34CKEYBSZ91YSR4YG0W86 (gratitude_gala)
  → Framing dispute between friends over attributing success to personal effort versus external support, public-speech stakes | skills from the persuading friend balancing self-acknowledgment advocacy with respect for others' gratitude
[2/150] 01HJPTHM0WARWWMV0HBAC6XCQY (auto_expo_standoff)
  → Competitive expertise signaling to a gatekeeper with limited access and reputational stakes, among acquaintances | skills from the competing collector conveying authentic, nuanced automotive expertise to influence a gatekeeper
[3/150] 01HMZ2BKVR513KAVR7TP5APP75 (gum_sharing_dilemma_00002)
  → Low-stakes reciprocity negotiation over habitual small favors among acquaintances, avoiding social tension | skills from the generous coworker asserting expectations about reciprocal small favors while preserving rapport
[4/150] 01HJRKDXXMV0P5D4YWWXAP9FKQ (grounded_perspective)
  → Persuasion to obtain permits under safety-focused authority; known acquaintanceship influences trust and tone | skills from the organizer persuading a cautious official to permit a risky communal experience
[5/150] 01HMZ2BNFWRTR0DWV71KGJVGVT (resolve_toxic_ties)
  → Post-breakup romantic reassessment at a mutual gathering; one wants reunion, other has moved on | skills from the ex-partner expressing longing while managing past-toxicity admissions and potential rejection
[6/150] 01HJPTHNYAQAXMMGAZWMKBC3B6 (room_compromise)
  → Cooperative task negotiation amid mutual blame and emotional escalation between siblings over shared space | skills from the conciliatory sibling navigating high emotions to build shared responsibility
[7/150] 01HPB67HGWHYBGPZNHT5HF38PX (break_boundaries_conundrum)
  → Conflict negotiation after ambiguous romantic 'break' boundaries with asymmetric interpretations and trust breach | skills from the partner seeking forgiveness clarifying boundaries and rebuilding trust
[8/150] 01HJPX4ZW2GA4SADAF7043A6E0 (laundry_line_dilemma)
  → Value-based compromise between friends balancing environmental benefits and aesthetic concerns in shared space | skills from the eco-minded roommate balancing energy-saving advocacy with minimizing aesthetic impact
[9/150] 01HJPX5192JZM0Y5ECVP01SKXS (art_exhibit_dilemma_00001)
  → Competitive purchase dispute over a unique artwork; asymmetric interpretations of symbolism; acquaintances; strategic devaluation persuasion | skills from the keen collector persuading a rival to dismiss the artwork as too obvious
[10/150] 01HPAYN7P3P4Y6RNGM0FZ2T7RX (whistle_conundrum)
  → Boundary-setting negotiation between neighbors sharing a wall, asymmetric awareness, preserving ongoing acquaintance relationship | skills from the expressive neighbor navigating disclosure of personal habits while negotiating quiet-time compromises
[11/150] 01HJPTHN9S14FT3R2950MM6F0R (morning_routine)
  → Urgent short-term favor request under time pressure between busy roommates with weak social ties | skills from the requester navigating urgent delegation to a similarly busy, only-acquaintance roommate
[12/150] 01HJPTHMA013J4FXGAQC0DPNRW (self_defense_class_argument_00001)
  → Persuasive negotiation over acceptable use of aggressive defensive force between acquaintances with differing harm thresholds | skills from the assertive defender navigating moral objections while justifying force for safety
[13/150] 01HJPX511K4ZXVW8KB142FJC7J (family_dilemma)
  → Boundary-setting with an unaware relative in a family setting, balancing child welfare and preserving harmony | skills from the concerned parent navigating delicate boundary-setting with an unaware in-law to protect child
[14/150] 01HMZ2BNR8WDANTQPZ9SB3BE3A (marriage_conflict_00002)
  → Secret-keeping and reputation management among close friends during contested public conversations about marriage | skills from the conflicted friend protecting a public anti-marriage identity while seeking private relationship advice
[15/150] 01HJPX5091VCZN14A4P0WMNG0J (serve)
  → Service encounter recovering from a long delay with time pressure and reputational stakes between strangers | skills from the frontline representative managing sincere apology and compensation to preserve customer goodwill
[16/150] 01HJRKDY65N420PRKFWRZD35FB (relationship_reconciliation_00002)
  → Romantic relationship trust breach where betrayed partner must weigh forgiveness amid emotional vulnerability and uncertain sincerity | skills from the hurt partner weighing forgiveness, trust repair, and boundary-setting while assessing sincerity
[17/150] 01HJPTHP7WW23F5RAEM5H40PWG (healing_art_project_00001)
  → Restorative collaborative art-making after relational harm, apology seeker vs skeptical partner, emotional trust repair | skills from the apologizing partner using collaborative art to demonstrate sincerity while listening
[18/150] 01HPAYNRH1P57574KMBHEZCKKQ (longing_for_home)
  → Emotional persuasion and compromise under time pressure: well-being versus professional opportunity between acquaintances | skills from the overwhelmed attendee persuading an acquaintance to prioritize mental health over career opportunities
[19/150] 01HJRKDYBSND4R3P9J4BYMQD9Q (entrepreneurial_dynamics)
  → Persuasion between cofounders with asymmetric risk tolerance and trust among friends | skills from the eager founder persuading a risk-averse cofounder friend using data and safeguards
[20/150] 01HMZ2BKQ41HMZ4KQNVMRXJN80 (mug_gift_dilemma_00001)
  → Negotiation over a prized personal item with emotional attachment versus social pressure among friends | skills from the item-holder navigating expressing personal attachment while proposing compromises for shared happiness
[21/150] 01HMZ2BN71350E390KW560ZSEK (perception_mismatch)
  → Soliciting sensitive corrective feedback from a socially savvy friend; information gap and emotional risk | skills from the feedback-seeking friend navigating honest corrective input without emotional harm
[22/150] 01HJPX50425WQK2TM93Z0HXPSH (flirty_challenge)
  → Acquaintance-stage flirtation via playful sexual innuendo during public team task, balancing attraction and professionalism | skills from the initiating flirt testing mutual interest while preserving workplace professionalism and comfort
[23/150] 01HJPX4ZVBY08X7GR6NGSMRCHP (exotic_dinner_challenge)
  → Friend-host persuasion about trying a culturally exotic, perceived risky dish with safety concerns | skills from the host persuader navigating a friend's health fears, cultural framing, and peer pressure
[24/150] 01HPB34JNZ1S9FND8RXPKWG890 (harmony_transition)
  → Peer mentorship on social identity change with asymmetrical experience, emotional vulnerability, acquaintanceship tension | skills from the transitioning acquaintance navigating gentle correction of name and pronoun mistakes
[25/150] 01HJPQ335HRCMK86RZXX3245A3 (picnic_dilemma)
  → Normative persuasion between friends over animal-harm vs hygiene under immediate time pressure | skills from the compassionate friend persuading to leave food out while addressing hygiene fears
[26/150] 01HJPX51BZ5NDXPRBQHXVNNPFT (fastfood_fiasco_00002)
  → Accidental harm between strangers triggering disproportionate public confrontation with audience attention and time pressure | skills from the apologizing party managing public embarrassment, rapid de-escalation, and offering restitution
[27/150] 01HMZ2BNJP4QN94X2HKN7NKVWS (metro_misconception)
  → Spontaneous persuasion between friends over public service value versus comfort concerns and low receptivity | skills from the persuading friend managing a skeptical, comfort-focused friend's resistance
[28/150] 01HJRKDXT5TQ1F7FV8KF5QAMBD (slumber_strategies)
  → Help-seeking among friends with experience asymmetry, desperation, skepticism, and routine establishment | skills from the sleep-seeker friend navigating skepticism while eliciting practical, science-aligned bedtime routines
[29/150] 01HJRKDY20XM77CA58FVRH08XX (mall_parking_dilemma_00002)
  → Low-stakes spatial disagreement between friends over parking with ownership asymmetry and differing risk perceptions | skills from the temporary driver reassuring a friend about safety, distance, and retrieval
[30/150] 01HMZ2BNEMCX8VZQHT35J2Q390 (glittering_disappointment)
  → Navigating gift-expectation disappointment in an intimate relationship with subtle nonverbal cues and emotional risk | skills from the giver observing partner's subtle disappointment while seeking honest feedback and reassurance
[31/150] 01HN44KRSWVYQKM5NV2JERH8EC (tempered_reconciliation)
  → Sibling conflict resolution in a public family gathering under audience pressure and face-saving norms | skills from the sibling managing public tension, expressing feelings while preventing escalation
[32/150] 01HMZ2BM4REV6PYBCJ3ME5YWGM (moat_negotiation)
  → Persuasive request to a long-term friend balancing heritage restoration goals with environmental concerns and community approval | skills from the persuading proposer balancing historical-accuracy appeals with eco-friendly compromises to address friend's concerns
[33/150] 01HJPTHN1KTVZY1PYFGHPTG3YN (holiday_reunion)
  → Reconnecting with a former close friend amid nostalgia and uncertain feelings about past disagreements | skills from the reconciler navigating acknowledgement of past grievances while cautiously rebuilding trust
[34/150] 01HJPTHP14G4HB1SKS74RH3F2D (classroom_conflict_resolution_00002)
  → Power-imbalanced apology-seeking after public reprimand causing embarrassment and ongoing class reputational tension | skills from the student navigating authority imbalance while expressing hurt and seeking respectful acknowledgement
[35/150] 01HJPX504SAHM8GGMEZWXK47BS (pre_game_prayer)
  → Maintaining a shared pre-activity ritual amid belief mismatch between friends, balancing belonging and personal comfort | skills from the devout teammate balancing ritual inclusion with respect for a friend's nonbelief
[36/150] 01HJPTHMHF9D1ZCMVNV7SDM7B3 (intersection_etiquette)
  → Right-of-way assertion against an impatient driver with uncertainty about their urgency, safety-critical stranger encounter | skills from the first-arrival driver balancing firm rule enforcement with assessing other's urgency
[37/150] 01HJPTHNBW1V5XDKGR2JJ4XEM1 (health_advocate)
  → Friends behavior-change persuasion with experiential asymmetry and risk of sounding judgmental | skills from the supportive, recently-successful peer guiding a hesitant friend toward commitment without pressure
[38/150] 01HJPX50A0HE4X76P8CDR16ZW1 (alley_encounter)
  → Persuasive debate on rule change with resource inequality and fairness vs strategic depth among friends | skills from the persuading friend balancing equity objections while promoting strategic variety and sponsorship potential
[39/150] 01HJPQ342HHEB7237NNQ1SCX65 (deadline_dilemma)
  → Cooperative project coordination under imminent deadline; one teammate complete, another behind, balancing speed and quality, acquaintances | skills from the proactive teammate managing deadline urgency while offering practical support
[40/150] 01HJPTHNMAZW06P3KWJJKQ1CQ4 (gifted_dilemma)
  → benign birthday surprise sparking friend's jealousy, asymmetry in emotional stakes and intent interpretation between friends | skills from the gift-giver clarifying intent while defusing jealousy and preserving the friendship
[41/150] 01HMZ2BKQJQG6T11NJKA6R2Z9Q (solo_ascent_dilemma)
  → Persuasion between friends about a risky solitary activity with asymmetric risk perception and information | skills from the solo-choosing friend managing a concerned partner's safety objections through reassurance and evidence
[42/150] 01HMZ2BKN6P55SR5QEG0VT26RK (faithful_expression_00002)
  → Negotiated cultural/religious display compromise with belief asymmetry and mutual inclusion concerns among acquaintances | skills from the expressing occupant balancing personal faith visibility with roommate inclusivity and respect
[43/150] 01HJPTHMSXHX5KE77YWDN0E5GS (deadline_dilemma)
  → Urgent collaboration request under asymmetric workload and time pressure between distant colleagues | skills from the requester navigating a reluctant, overloaded colleague to secure shared commitment
[44/150] 01HMZ2BNPX2T7Z9S1Q9SX9XDJG (educational_pathways)
  → Peer counseling between friends about leaving formal education with informational asymmetry and emotional influence | skills from the student considering leaving managing honest self-expression, evaluating alternatives, and preserving friendship
[45/150] 01HJRKDYST85F6V86B4E9RQHMG (perfect_dinner)
  → Persuading a casual friend to accept formal hosting standards leveraging host authority and friendship rapport | skills from the meticulous host navigating enforcement of formal norms while preserving friendship
[46/150] 01HJPTHM1JADWN8F8HJX88VTNX (mic_encounter)
  → Cooperative technical placement decision with knowledge asymmetry and low-stakes time pressure among acquaintances | skills from the decision-maker navigating expert-novice knowledge asymmetry while retaining final placement control
[47/150] 01HPB34ZS2B7DPJY0BDVKTFZKF (unresolved_past_dilemma)
  → Disclosure of a painful childhood memory to an influential, skeptical relative; reputational risk and time-separated relatives | skills from the confiding family member navigating validation, emotional disclosure, and protective reputation concerns
[48/150] 01HPB34XG4MV8676W70Q1MRK0K (gift_dilemma)
  → Playful prank gift exchange between friends exploiting taste asymmetry and reputation risk | skills from the playful gift-giver balancing provocation, reassurance, and long-term relationship maintenance
[49/150] 01HPB34AM3VPDA14301A9QV7KF (mobile_gaming_debate_00001)
  → Exploratory online debate between acquaintances weighing gaming benefits against addiction risks and moderation | skills from the enthusiastic advocate navigating skeptical concerns and promoting balanced, evidence-based benefits
[50/150] 01HJPX50874EGC7RD7QNVG6NCG (pickup_game_diplomacy)
  → Single-spot pickup-game negotiation between strangers with asymmetric skill levels and eagerness | skills from the aspiring player persuading a stranger by credibly claiming superior shooting and eagerness
[51/150] 01HMZ2BMY1DKY4R2ZVB4WXAQD1 (divorce_dilemma_00002)
  → High-stakes relational repair negotiation with asymmetric desire to separate, emotional investment, long-term marriage | skills from the committed partner articulating love while listening, respecting autonomy, proposing repair
[52/150] 01HPAYNGSTXZGAEAPRPW02PMJ3 (race_confidence_00001)
  → Experience-based gentle persuasion of an overconfident newcomer with reputational risk and acquaintance rapport | skills from the experienced runner tempering enthusiasm while protecting relationship and reputation
[53/150] 01HPB67FPJKCHPY4N4F1NTKZ4S (work_ethic_dispute_00002)
  → Dismissal-focused professional conflict with asymmetric evaluative authority and accountability expectations between acquaintances | skills from the evaluator justifying termination while protecting team standards and offering constructive feedback
[54/150] 01HMZ2BMQZ9DY6DGSGW2G6JTE8 (post_date_decisions)
  → Post-first-date romantic signaling with information gap and mutual cautiousness about moving too quickly | skills from the interested, cautious dater managing enthusiasm while avoiding appearing overly eager
[55/150] 01HJPX506XJBV03HWPXFQQD8EM (fashion_showdown)
  → dressing-related social norm enforcement among friends, tension between comfort and group conformity | skills from the persuading friend encouraging a reluctant friend's participation while respecting boundaries
[56/150] 01HJRH6SDZGPJE6255TGY6RQG2 (unexpected_visit)
  → Unannounced welfare check by a close friend causing boundary tension and emotional vulnerability | skills from the friend needing solitude navigating gratitude, boundary-setting, and reassurance without oversharing
[57/150] 01HPB34840ZEWJFP2PG6RP6PES (medrequest)
  → Urgent medical aid request between acquaintances with information asymmetry, hesitance, and moral pressure | skills from the hesitant requester persuading an acquaintance by conveying urgency and honoring boundaries
[58/150] 01HJPMD5KZF6C4XRS39KMXWK39 (messy_dinner)
  → Persuasion between friends about trying a messy but desirable food; appearance anxiety vs adventurousness | skills from the appearance-concerned persuader friend managing self-consciousness while minimizing visible mess
[59/150] 01HPB34Y509NPDYZNWHQ90WFEY (family_standoff_00001)
  → Persuasive family debate over parenting philosophies with ideological tension, avoiding rifts | skills from the parent asserting disciplined boundaries while preserving family harmony
[60/150] 01HJPQ34HEWZCSYQ985CQN08DB (bake_sale_dilemma)
  → Persuasion about a prior culinary choice against a friend's healthier alternative, with sunk-cost asymmetry among friends | skills from the persuading friend managing sunk-cost commitment and preference conflict within a close friendship
[61/150] 01HJPTHN307RKH368Q8JDN2HJX (baking_contest_judgment_00002)
  → Cooperative competition norm enforcement amid ambiguous small aid, reputational risk between acquaintances | skills from the helper navigating disclosure, fairness obligations, and minimizing perceived unsportsmanlike advantage
[62/150] 01HJPQ33W4CDZ35BD8K4K0JQ18 (friendship_dilemma_00001)
  → Repairing a neglected long-standing friendship after diverted attention to a new friend, strained feelings | skills from the reconnecting friend navigating reassurance without comparing friendships and restoring trust
[63/150] 01HMZ2BN94EW582DB1MPW9QPZZ (financial_planning_dilemma_00042)
  → Paired collaborative financial planning with opposing risk preferences, time-limited seminar, stranger dynamic | skills from the advocate persuading a risk-averse stranger to accept measured aggressive investments
[64/150] 01HJPTHP7679AMAXY484W9EKZ7 (community_project_00002)
  → Persuasive recruitment of an acquaintance facing time-commitment concerns with negotiable participation options | skills from the recruiter persuading a time-constrained acquaintance by reframing flexibility and benefits
[65/150] 01HJPX4ZTNST9Y6WEPTHMS26BJ (holder_harmony)
  → Low-stakes behavioral persuasion between friends over hygiene norms, habit resistance, and maintaining rapport | skills from the persuader friend advocating habit change while maintaining rapport
[66/150] 01HJPTHM8K2X1DTBR603YJ1C85 (shared_serenity)
  → Cooperative intimate spatial negotiation with constrained space and differing comfort needs in a romantic relationship | skills from the partner navigating shared bathtub positioning to maximize personal stretch space and closeness
[67/150] 01HPB34NB0K69WGSX0Q63009WJ (jury_dilemma)
  → Unanimity-bound jury persuasion among acquaintances with opposing verdict beliefs and overlooked critical evidence asymmetry | skills from the minority juror navigating persuasion of a convinced juror using overlooked evidence
[68/150] 01HN44KRS8YSM0W9YKD5QHR5WD (prom_committee_dilemma_00345)
  → Vision-driven event negotiation with authority and budget asymmetry, tradeoffs between quality and feasibility among acquaintances | skills from the student organizer preserving core vision while negotiating budget constraints with authority
[69/150] 01HPB34YT96ZG4PS10CAWPGMY7 (impulse_control_challenge_00001)
  → Confiding about disturbing urges to a trusted friend, balancing seriousness with non-alarming reassurance | skills from the discloser managing candid disclosure of urges while preserving trust and avoiding alarm
[70/150] 01HN44KRSKGBXEWVXNR7XFKA70 (rekindled_friendship)
  → Late-stage reconciliation with unresolved misunderstanding, memory asymmetry and emotional risk between former close friends | skills from the remorseful reconnect-seeker navigating anxious apology and vulnerability to a wary former friend
[71/150] 01HMZ2BKD133A5KSARB2K0PET4 (cake_batter_conundrum_00002)
  → Persuasion over indulgent nostalgia versus safety among friends, risk-tolerance mismatch and compromise opportunity | skills from the cautious friend persuading a nostalgic peer to accept a safer compromise
[72/150] 01HN44KRSF662AV7HXE6DK32ZM (grateful_gesture)
  → Personal appreciation between siblings after a surprising gesture, emotional asymmetry, need to uplift | skills from the grateful sibling crafting a personalized, emotionally supportive expression to uplift organizer
[73/150] 01HPAYNBG7B07BA9SFPTHQ207W (midnight_oil)
  → Requesting practical alertness strategies from a nocturnal peer under urgent deadline and acquaintance-level rapport | skills from the deadline-pressed novice leveraging a night-owl acquaintance's tacit staying-awake strategies
[74/150] 01HJPX50KDM4P2Q48AK3X1JBHJ (vintage_collection_swap_00002)
  → Barter negotiation between collectors with information asymmetry and sentimental value conflicts among acquaintances | skills from the comic-holder navigating valuation uncertainty to trade up while safeguarding rare items
[75/150] 01HPB34919XDNM95DPRDF237FR (shared_shelter)
  → Offering unsolicited help to a stranger under sudden bad weather, balancing aid and personal-space risk | skills from the offering stranger navigating boundary-respecting assistance to avoid causing discomfort
[76/150] 01HPB34E4YK45B0M6K4HNYJ9P0 (trail_trepidation)
  → Persuasive negotiation between friends with experience asymmetry and safety-linked timing conflict | skills from the experienced friend persuading a nervous friend to accept an earlier start
[77/150] 01HJPX50JV4C0EZG70G6WQWPMF (financial_recovery)
  → Admission of significant shared savings loss between close friends with time-sensitive plans and trust at risk | skills from the accountable friend managing honest disclosure, minimizing conflict, and proposing recovery
[78/150] 01HPAYNJ4998DTZY83XXZQHS86 (persistent_persuasion)
  → Repeated persuasion of an indifferent acquaintance with time pressure and modest social incentives | skills from the persistent persuader balancing long-term benefit framing and scheduling flexibility
[79/150] 01HPB3476EQJ14Q99YZJFD6BFE (dress_code_duality_00002)
  → Coordination over semi-formal attire between acquaintances balancing brand image and personal comfort | skills from the dress-preferring representative advocating professional image while accommodating colleague comfort
[80/150] 01HMZ2BMG27ABA56Z5CB3FEJ6G (reluctant_golfer)
  → Acquaintance-level gentle persuasion addressing familial expectations versus personal authenticity, coach promotes instrumental benefits | skills from the reluctant participant navigating candid expression of preferences while weighing networking benefits
[81/150] 01HJRKDXMANBAGV5QJ62EJRXJ1 (wedding_waltz_dilemma)
  → Persuading a reluctant close friend to join a public tradition; balancing encouragement and respect | skills from the encouraging friend navigating gentle persuasion balancing fun and respect for reluctance
[82/150] 01HJPQ33BTK92E00275JPTEXW3 (smile_judgment)
  → Competitive mutual aesthetic judgment with private dental histories, balancing critique and self-advocacy among acquaintances | skills from the advocate emphasizing cavity-free status while persuading an acquaintance without offense
[83/150] 01HPAYNMBV4DJ7BQGZVWJ5E86Y (unexpected_encounter)
  → Brief public accident with potential property damage, strangers, time pressure and de-escalation risk | skills from the apologizer balancing brief sincere apology, offering help, and de-escalation under time pressure
[84/150] 01HPB67GB5EB2FZF1VQ620C597 (long_distance_reunion)
  → Negotiating visit pace between close friends where visitor is homesick and host overplans itinerary | skills from the visiting friend asserting need for relaxed downtime while appreciating host's enthusiasm
[85/150] 01HJRKDYKEKD0X5X6APF4WTD4H (exercise_routine)
  → Informal peer persuasion about lifestyle and health change with activity-level asymmetry | skills from the active friend persuading a sedentary friend to increase daily activity tactfully
[86/150] 01HPB34AWYEW3EQA3BCZ6V86VD (gesture_misinterpretation)
  → Misinterpreted nonverbal insult in public with information asymmetry and cordial-acquaintance tension | skills from the unaware party identifying causes and de-escalating perceived insults to preserve rapport
[87/150] 01HJPMD5PSHNB5P0R7RBAM8FDM (late_payment_resolution_00001)
  → Late-payment dispute with company enforcer, power imbalance, time pressure, need to preserve service | skills from the late-paying customer negotiating fee waivers and service continuity with a gatekeeper
[88/150] 01HJPX51PECX074R9HZV6HJD1N (mystery_keys)
  → Collaborative lost-item search with urgency and asymmetric organization skills, balancing thoroughness and speed between friends | skills from the requester managing anxiety while coordinating a time-limited systematic search
[89/150] 01HJRKDYS563D9W791GF8AD5W9 (joy_ride_00001)
  → Initiating friendship after extended incidental interaction between strangers with mismatched sociability | skills from the initiator proposing friendship, navigating a reserved neighbor's hesitation
[90/150] 01HJPX50B7WZCRSQRHECGRA3KT (unexpected_revelation)
  → Aesthetic persuasion during time-limited paired photography session between acquaintances with opposing lighting preferences | skills from the persuader-acquaintance navigating polite influence toward non-flash aesthetics during a time-limited session
[91/150] 01HMZ2BM2MPB0E83106SWJTEYB (chilly_reconciliation_00002)
  → Immediate health-focused persuasion with mild coordinator authority and stigma around accepting lost property among acquaintances | skills from the coordinator navigating urgent health persuasion while respecting personal-preference resistance
[92/150] 01HJPTHM5SMCM4DFRJJGCB6DCW (forest_stewardship)
  → Community dialogue between resource user and environmental advocate with trust gap and uncertainty | skills from the responsible resource user building credibility, conveying stewardship, and negotiating sustainable practices
[93/150] 01HJPTHMBD14NMMCX6FMAEHVQ0 (spinning_challenge_00002)
  → Short symmetric balance competition among acquaintances with emphasis on fair play and small prize | skills from the confident, fair-minded competitor managing balance techniques while preserving sportsmanship
[94/150] 01HJRKDYQTRRAY81ZKBH8T1TBC (cycling_debate_00001)
  → Persuasive neighborhood discussion among acquaintances balancing long-term infrastructure benefits against short-term cost and disruption concerns | skills from the enthusiastic, evidence-based neighborhood advocate navigating a skeptical acquaintance's cost and disruption worries
[95/150] 01HJPX50YBF1STPSK6XMKNNTKM (quiet_contest)
  → Noise-conflict negotiation between acquaintance roommates in a small shared space with time pressure | skills from the focused roommate negotiating quiet boundaries, expressing concentration needs, proposing schedules
[96/150] 01HJRH6SK888HRMS0ZMRNDAN6Q (wasabi_prank_resolution_00002)
  → Prank-induced physical harm with hidden-information and urgent repair among close family members at gatherings | skills from the prankster-apologizer navigating sincere remorse and repairing trust after causing discomfort
[97/150] 01HJPX516XMHY38TAJQ6YGSSX8 (summer_invention)
  → Ambitious contraption proposal among friends and classmates, proposer must reduce safety and feasibility doubts | skills from the proposer navigating a cautious friend's safety and feasibility objections
[98/150] 01HPAYNHX7JRWMQ3CDGYN10V2J (pizza_routine)
  → Persuasion to break habitual convenience meals amid low-closeness housemates and effort/time asymmetry | skills from the roommate persuader negotiating shared responsibilities, overcoming convenience inertia, offering collaborative solutions
[99/150] 01HMZ2BN6APAHQ4R4MX2ZXTX4R (past_reflection)
  → Confessional emotional support seeking with asymmetric vulnerability and fear of judgment between close friends | skills from the vulnerable friend seeking reassurance and reframing of shame into self-acceptance
[100/150] 01HJPQ34AGD5SCZP2QJGN8E8MQ (coredilemma)
  → Creative deliberation with close-friend disagreement over high-risk technology and divergent risk-reward values | skills from the persuader navigating a skeptical, innovation-minded friend toward precautionary action
[101/150] 01HJPTHPBN7M70WPV23NW99WD4 (smoothie_tension)
  → Defensive preference maintenance against friendly persuasion with information asymmetry and close-friend relationship | skills from the committed recipe-holder defending habitual taste and health beliefs against friendly persuasion
[102/150] 01HJRKDY3VJ6PFZ3QZ3MCAFCEN (dough_diplomacy)
  → Hands-on mentoring with skill asymmetry, control-autonomy tension, and looming event time pressure among friends | skills from the experienced instructor balancing guidance and trainee autonomy under time pressure
[103/150] 01HJPX51J7W1FDYFA29FF1RD65 (digital_connection)
  → Sustaining regular virtual contact across custody boundary while avoiding perceived intrusion on child's autonomy | skills from the noncustodial parent balancing consistent presence with respect for adolescent autonomy
[104/150] 01HPAYNBYCWJK1KHSAPXPNRMY6 (family_legacy)
  → Persuasion over modernization versus tradition under survival time pressure, emotionally charged sibling relationship | skills from the advocate sibling navigating familial resistance while framing evidence and preserving legacy
[105/150] 01HPAYNMP6BYQV2GG7GQAHH1FX (choice_dilemma)
  → Friend choice negotiation over one shared ticket with personal claustrophobia and preference asymmetry | skills from the persuading friend managing personal discomfort and low sociability to sway choice
[106/150] 01HJRKDXK1M7PQ5QHCGG41N4FW (public_comfort)
  → Defending parental rights while addressing a stranger's moral discomfort in a public space | skills from the rights-holder calmly educating an uncomfortable stranger while protecting child needs
[107/150] 01HPAYN2Q8E5V951A07AMPPDM4 (friendship_dilemma_00002)
  → Addressing perceived neglect within a close friendship after a friend starts a new romantic relationship, attention asymmetry | skills from the sidelined friend seeking reassurance and negotiated commitment to shared time
[108/150] 01HPB34VSSGQTNDXAVWCCYGAMB (trust_boundaries)
  → Boundary-setting about sharing personal information within a romantic relationship, balancing trust and intimacy | skills from the partner asserting privacy boundaries while preserving intimacy and reducing defensiveness
[109/150] 01HPB34XXV5MV3CBJ0QVGMPRNK (personal_boundaries_00003)
  → Secret-keeping under peer pressure in group therapy with close friends, privacy versus participation | skills from the boundary-preserving participant navigating disclosure avoidance while remaining engaged and maintaining friendship
[110/150] 01HMZ2BKZVKENB2820QYX1BR14 (political_tees)
  → Expressive signaling of contentious beliefs among friends with a host-opponent and diverse sensitivities | skills from the expressing friend balancing candid political expression with preserving group harmony
[111/150] 01HPAYNS6622FG7TFDMNNX3BS4 (terminology_tension)
  → Normative disagreement between close friends about language dilution versus validation, balancing critique and emotional support | skills from the concerned friend articulating nuanced critique of term overuse while preserving empathy
[112/150] 01HJPQ34XDAYX632YKKD2J6XF1 (sibling_conflict_resolution)
  → Public relational repair after an accidental insult among lifelong friends with reputational pressure | skills from the apologizer navigating public embarrassment, acknowledging harm, and repairing close friendship
[113/150] 01HPB34DY03G2YHHHB9WPFEPEN (towel_tussle)
  → Public reclamation of a personal belonging with exposure risk and crowd embarrassment pressure between strangers | skills from the exposed owner asserting ownership diplomatically while minimizing embarrassment and conflict
[114/150] 01HJPQ34ZG9WZEDX6BV5QZB1QG (gaming_dilemma)
  → Concealment of leisure plans in a romantic relationship under honesty and closeness expectations | skills from the partner managing disclosure of leisure plans while preserving trust and closeness
[115/150] 01HMZ2BM42RN9H4PJ8XYXFFHBK (lunchtime_dilemma_00001)
  → Limited shared-food conflict with misunderstanding between acquaintances, balancing resource need and workplace rapport | skills from the diet-restricted coworker asserting needs and recovering limited ingredients while preserving rapport
[116/150] 01HJPQ3531Q5GCT4QG44GY5W2S (harmony_clash)
  → Negotiation over household labor with emotional asymmetry and risk of relational strain between cohabiting romantic partners | skills from the partner negotiating unequal domestic duties while preserving closeness and avoiding blame
[117/150] 01HJPTHNZ16JMQ3NWHF48Z8CV9 (legacy_planning_00002)
  → Legacy-planning negotiation under time pressure, donor seeks enforceable control against institutional discretion, cordial familiarity | skills from the prospective donor securing durable scholarship terms, oversight, and budget-constrained annual awards
[118/150] 01HJRKDY7V0V32KT22MQ0YW22B (new_parent_dilemma)
  → Friend-to-friend supportive conversation with experience asymmetry and risk of patronizing, vulnerability and defensiveness | skills from the new parent navigating supportive but inexperienced friend's advice without feeling patronized
[119/150] 01HJRKDY0599JGVP35AV979N0D (campaign_crossroads)
  → Coalition bargaining between asymmetric rivals where ambitious but unpopular acquaintance proposes subordinate alliance to popular peer | skills from the less-popular, ambitious candidate negotiating coalition terms while assuaging a popular rival's ego
[120/150] 01HPAYNEAJS8X6M5TZ5NJ9WFEZ (sportsmanship_00002)
  → Friendly local league competition between a diligent improver and a naturally talented stranger | skills from the diligent improver navigating showcasing progress, earning respectful recognition without seeming boastful
[121/150] 01HJPTHNHFSHA1QVJ8T8W02JY8 (mysterious_pursuit)
  → Returning lost property while following a wary stranger with risk of misinterpretation and time pressure | skills from the good-faith finder signaling non-threatening intent while returning lost property under misinterpretation risk
[122/150] 01HJRH6SKT4GTTZM53NTKSRC2M (final_decision)
  → Ultimatum-driven local policy negotiation with organizer power imbalance and garden-closure threat among acquaintances | skills from the empowered proposer enforcing a strict no-pesticide ultimatum while preserving community harmony
[123/150] 01HPAYNG3W06S7J3N86S9KPA96 (movie_mad_dash)
  → Persuasion to delay plans under acute time pressure, information gap, and reputational stakes between friends | skills from the running-late friend negotiating trust, reassurance, and credible ETA under time pressure
[124/150] 01HJPTHNX7W1E9YSTK4GRBN0KQ (unexpected_invoice)
  → Persuasion to shift unexpected party cost onto a wealthier close friend, secrecy and assumed generosity | skills from the organizer persuading a wealthier friend to absorb costs while preserving the friendship
[125/150] 01HJPX5110JGPN888EM63NT6W8 (exam_challenge)
  → Peer tutoring between friends with competence-emotion asymmetry, approaching exam time, risk of seeming condescending | skills from the well-prepared friend offering collaborative help while avoiding condescension and social threat
[126/150] 01HPB67J6PRE3G9Z98Y18P1759 (late_night_texts)
  → Asynchronous messaging where abrupt sleep interruptions create perceived disinterest, information asymmetry, acquaintanceship | skills from the concerned conversational initiator navigating reassurance-seeking, non-confrontational problem-raising and alternative-scheduling
[127/150] 01HPB34PT5JAY44WBGT4439JBS (charitable_dilemma_balance)
  → Defensive persuasion to reassure a worried close friend about risky altruistic spending and financial concerns | skills from the donor seeking reassurance and sympathetic support while defending a risky altruistic choice
[128/150] 01HJPTHN78WF8D4C76GETFMBD1 (shirt_dilemma)
  → Request to borrow a friend's clothing with asymmetric risk and ownership concerns between roommates | skills from the borrower persuading a roommate to lend clothing while assuring damage prevention
[129/150] 01HJPTHN29XY8JSFRSZFTKTQT1 (unexpected_pet_care)
  → Negotiation for shared caregiving with emotional sensitivity and asymmetric responsibility among friends | skills from the concerned caregiver navigating requests for shared help without blaming the family
[130/150] 01HPB34PKAMWRQB163EJXBQKJD (early_bird_dilemma)
  → Polite corrective feedback after a thoughtful mismatch between friends with mild embarrassment | skills from the appreciative recipient navigating gentle preference expression to avoid discouraging effort
[131/150] 01HPAYNQ6SWHKX8YSERS2CPEYA (wealth_resentment_resolution_00762)
  → Advocacy about systemic inequality in close-friend setting with wealth-based power asymmetry and recurring tension | skills from the concerned friend navigating advocacy without alienating a newly affluent close friend
[132/150] 01HMZ2BM179AADWK2PA4KQ069X (fair_play)
  → Turn-taking control over a casual recreational game, asymmetric recent success, social pressure to yield among friends | skills from the current hitter balancing desire to continue hitting with preserving a friend's opportunity
[133/150] 01HJPTHP4CGNH6NH6C1097C637 (shared_expense_dilemma)
  → Negotiating shared financial responsibility after sudden large expense, commitment tension in a romantic relationship | skills from the committed partner advocating upheld agreements while managing partner's reluctance
[134/150] 01HMZ2BNF52W74XWF00Y1A8CRW (perilous_mistake)
  → Trust-repair after accidentally causing a near-miss with a friend-colleague, balancing responsibility and reputational risk | skills from the recommender-colleague repairing trust after a mistake while protecting friendship and reputation
[135/150] 01HMZ2BMVTTNW512WB6VS17VTJ (lost_navigator_00001)
  → Asking a passerby for route advice with information asymmetry, route-complexity tradeoff, mild time pressure | skills from the lost driver prioritizing clear, simple directions while navigating unfamiliar roads
[136/150] 01HJPQ33FFAF1A8917QYFGG8S2 (game_night_score)
  → Persuading friend to adopt structured scorekeeping during casual multi-round game; flow versus accuracy tension | skills from the persuader friend balancing insistence on structure with preserving casual atmosphere
[137/150] 01HJPTHM768MJHAEAW1SAET4F7 (clogged_pipes)
  → Addressing recurring shared-space sanitation breach by a friend with habit persistence and social friction | skills from the concerned roommate balancing confrontation, boundary-setting, and relationship maintenance
[138/150] 01HJPQ337KACYQKFSZEKS9F3SS (spiritual_harmony)
  → Cooperative ritual coordination between acquaintances balancing differing spiritual practices while preserving mutual calm | skills from the meditator managing compromise to practice silently while respecting another's prayer
[139/150] 01HPAYNJWJ6PQ894TJQ4N4E2RV (unresolved_support)
  → Emotionally asymmetrical friend conversation: supporting a vulnerable friend with unclear needs and boundaries | skills from the concerned friend balancing empathetic support with clear boundaries and honest limitation disclosure
[140/150] 01HJRH6S35PKYD3MR8FNG28HMV (customer_followup_00002)
  → After-sales troubleshooting with information asymmetry and reputational risk; customer known by name | skills from the service representative diagnosing faults, de-escalating dissatisfaction, and protecting reputation
[141/150] 01HJRKDXZKY21CN94XNZPAE4F0 (torn_revelation)
  → Sensitive welfare inquiry with privacy boundary and asymmetric emotional information among acquaintances | skills from the concerned colleague balancing respect for privacy while eliciting disclosure and offering support
[142/150] 01HPB67EBHWHVE6WJCSVSBPH8W (solo_sway)
  → Encouragement to join group activity with skill gap and solitude preference among acquaintances | skills from the hesitant solo dancer navigating vulnerability, assessing fit, and gradually accepting social support
[143/150] 01HJPX51E5MMN673PJZZ0X4WN9 (anosmia_dialogue_00002)
  → Health-related disclosure to close friend with fear-driven avoidance and supportive urging to seek care | skills from the vulnerable friend articulating health fears while resisting medical confirmation
[144/150] 01HPAYN53QNXFHK8E631J3CQ5T (banner_conflict_00042)
  → Creative conflict in a friendly community group over provocative versus traditional parade banner | skills from the provocative member navigating persuasive boundary-pushing while preserving group cohesion
[145/150] 01HMZ2BN0NNCZ8QDMNFV1X5VF6 (apology_path)
  → Repair-focused apology to a withdrawn friend after raised-voice misunderstanding, balancing sincerity and space | skills from the apologizing friend navigating sincere repair while respecting distance and direct communication
[146/150] 01HPAYN2FS48J1FJ6TAC7CDRV6 (comic_relief_tension)
  → Encouraging voluntary participation in playful team ritual facing professional-image concerns among acquaintances | skills from the team leader persuading a reluctant coworker to temporarily suspend professional norms
[147/150] 01HPB34H40A5XJTXTJ3F2BMBAB (game_night_strategy)
  → Friendly competitive territorial contest over a pivotal territory, incentive to negotiate temporary truces without overextending resources | skills from the cautious competitor balancing alliances, conserving resources, and timing a grab
[148/150] 01HJRKDYJNP9QCXMMBJ0WYXK4K (park_peace)
  → Negotiation over shared public space between familiar neighbors balancing quiet meditation and noisy play | skills from the neighbor seeking quiet navigating polite boundary-setting with a familiar, active park user
[149/150] 01HJPX51EVNJCSGGBWV37HTGE8 (forbidden_affection)
  → Secret emotional restraint amid temptation at a close friend's social gathering with high personal stakes | skills from the secretly attracted friend managing self-control to protect a close friendship during temptation
[150/150] 01HPAYN6GJPTPNYJMH2V8NSMVZ (party_planners)
  → Managing a contribution dispute at a neighborhood event with legal liability and underage access risk, acquainted neighbors | skills from the responsible organizer navigating persuasion to enforce alcohol safety and legal compliance

Generated: 150  Skipped (existing): 0
Updated data/eval_candidates.jsonl
